=== /proc/cpuinfo (ISA flags) ===
amx_bf
amx_int
amx_tile
avx2
avx512_bf16
avx512_bitalg
avx512_fp16
avx512_vbmi2
avx512_vnni
avx512_vpopcntdq
avx512bw
avx512cd
avx512dq
avx512f
avx512ifma
avx512vbmi
avx512vl
sse4_2

=== uname -r (kernel; AMX requires ≥ 5.16) ===
5.14.0-427.13.1.el9_4.x86_64

=== ulimit -l (locked memory; needed for pinned alloc) ===
unlimited

=== free -h (system RAM) ===
               total        used        free      shared  buff/cache   available
Mem:           2.0Ti        37Gi       1.1Ti       3.4Gi       897Gi       1.9Ti
Swap:             0B          0B          0B

=== nvidia-smi ===
index, name, memory.total [MiB], memory.free [MiB]
0, NVIDIA H100 80GB HBM3, 81559 MiB, 81079 MiB
1, NVIDIA H100 80GB HBM3, 81559 MiB, 81079 MiB
2, NVIDIA H100 80GB HBM3, 81559 MiB, 81079 MiB
3, NVIDIA H100 80GB HBM3, 81559 MiB, 81079 MiB
4, NVIDIA H100 80GB HBM3, 81559 MiB, 81079 MiB
5, NVIDIA H100 80GB HBM3, 81559 MiB, 81079 MiB
6, NVIDIA H100 80GB HBM3, 81559 MiB, 81079 MiB
7, NVIDIA H100 80GB HBM3, 81559 MiB, 81079 MiB

=== compiler ===
c++ (Ubuntu 11.4.0-1ubuntu1~22.04.3) 11.4.0

=== numactl --hardware ===
available: 2 nodes (0-1)
node 0 cpus: 0 1 2 3 4 5 6 7 8 9 10 11 12 13 14 15 16 17 18 19 20 21 22 23 24 25 26 27 28 29 30 31 32 33 34 35 36 37 38 39 40 41 42 43 44 45 46 47 48 49 50 51 52 53 54 55 112 113 114 115 116 117 118 119 120 121 122 123 124 125 126 127 128 129 130 131 132 133 134 135 136 137 138 139 140 141 142 143 144 145 146 147 148 149 150 151 152 153 154 155 156 157 158 159 160 161 162 163 164 165 166 167
node 0 size: 1031078 MB
node 0 free: 489165 MB
node 1 cpus: 56 57 58 59 60 61 62 63 64 65 66 67 68 69 70 71 72 73 74 75 76 77 78 79 80 81 82 83 84 85 86 87 88 89 90 91 92 93 94 95 96 97 98 99 100 101 102 103 104 105 106 107 108 109 110 111 168 169 170 171 172 173 174 175 176 177 178 179 180 181 182 183 184 185 186 187 188 189 190 191 192 193 194 195 196 197 198 199 200 201 202 203 204 205 206 207 208 209 210 211 212 213 214 215 216 217 218 219 220 221 222 223
node 1 size: 1032106 MB
node 1 free: 616510 MB
node distances:
node   0   1 
  0:  10  21 
  1:  21  10 
