=== uname ===
Linux cloud-J1O17M 5.15.0-174-generic #184-Ubuntu SMP Fri Mar 13 18:41:50 UTC 2026 x86_64 x86_64 x86_64 GNU/Linux

=== /proc/cpuinfo: model + count ===
model name	: Intel(R) Xeon(R) Platinum 8480+
logical_cpus=96

=== lscpu (key fields) ===
Architecture:                            x86_64
Model name:                              Intel(R) Xeon(R) Platinum 8480+
Thread(s) per core:                      1
Core(s) per socket:                      96
Socket(s):                               1
BogoMIPS:                                4000.00
Virtualization:                          VT-x
Hypervisor vendor:                       KVM
Virtualization type:                     full
L1d cache:                               3 MiB (96 instances)
L1i cache:                               3 MiB (96 instances)
L2 cache:                                384 MiB (96 instances)
L3 cache:                                16 MiB (1 instance)
NUMA node(s):                            1
NUMA node0 CPU(s):                       0-95

=== ISA flags (single processor block) ===
amx_bf16 amx_int8 amx_tile avx512_bf16 avx512_bitalg avx512_fp16 avx512_vbmi2 avx512_vnni avx512_vpopcntdq avx512bw avx512cd avx512dq avx512f avx512ifma avx512vbmi avx512vl avx_vnni hypervisor 

=== numactl --hardware ===
available: 1 nodes (0)
node 0 cpus: 0 1 2 3 4 5 6 7 8 9 10 11 12 13 14 15 16 17 18 19 20 21 22 23 24 25 26 27 28 29 30 31 32 33 34 35 36 37 38 39 40 41 42 43 44 45 46 47 48 49 50 51 52 53 54 55 56 57 58 59 60 61 62 63 64 65 66 67 68 69 70 71 72 73 74 75 76 77 78 79 80 81 82 83 84 85 86 87 88 89 90 91 92 93 94 95
node 0 size: 967143 MB
node 0 free: 499025 MB
node distances:
node   0 
  0:  10 

=== /proc/meminfo (key) ===
MemTotal:       990354704 kB
MemAvailable:   557682196 kB
HugePages_Total:       0
Hugepagesize:       2048 kB

=== nvidia-smi summary ===
index, name, memory.total [MiB], memory.free [MiB], driver_version
0, NVIDIA H100 80GB HBM3, 81559 MiB, 6403 MiB, 580.126.09
1, NVIDIA H100 80GB HBM3, 81559 MiB, 6363 MiB, 580.126.09
2, NVIDIA H100 80GB HBM3, 81559 MiB, 6363 MiB, 580.126.09
3, NVIDIA H100 80GB HBM3, 81559 MiB, 6395 MiB, 580.126.09
